******************************************************************************
                  TI ARM Linker PC v18.1.6                     
******************************************************************************
>> Linked Sun Oct 13 16:31:26 2019

OUTPUT FILE NAME:   <EGR226_batteye_goslowr_lab7_p1.out>
ENTRY POINT SYMBOL: "_c_int00_noargs"  address: 00000815


MEMORY CONFIGURATION

         name            origin    length      used     unused   attr    fill
----------------------  --------  ---------  --------  --------  ----  --------
  MAIN                  00000000   00040000  000008a8  0003f758  R  X
  INFO                  00200000   00004000  00000000  00004000  R  X
  SRAM_CODE             01000000   00010000  00000204  0000fdfc  RW X
  SRAM_DATA             20000000   00010000  00000204  0000fdfc  RW  


SEGMENT ALLOCATION MAP

run origin  load origin   length   init length attrs members
----------  ----------- ---------- ----------- ----- -------
00000000    00000000    000008a8   000008a8    r-x
  00000000    00000000    000000e4   000000e4    r-- .intvecs
  000000e4    000000e4    000007ac   000007ac    r-x .text
  00000890    00000890    00000018   00000018    r-- .cinit
20000000    20000000    00000004   00000000    rw-
  20000000    20000000    00000004   00000000    rw- .data
2000fe00    2000fe00    00000200   00000000    rw-
  2000fe00    2000fe00    00000200   00000000    rw- .stack


SECTION ALLOCATION MAP

 output                                  attributes/
section   page    origin      length       input sections
--------  ----  ----------  ----------   ----------------
.intvecs   0    00000000    000000e4     
                  00000000    000000e4     startup_msp432p401r_ccs.obj (.intvecs:retain)

.text      0    000000e4    000007ac     
                  000000e4    00000334     system_msp432p401r.obj (.text)
                  00000418    000002b4     LCD.obj (.text)
                  000006cc    0000009c     rtsv7M4_T_le_v4SPD16_eabi.lib : memcpy_t2.asm.obj (.text)
                  00000768    00000068                                   : copy_decompress_lzss.c.obj (.text:decompress:lzss:__TI_decompress_lzss)
                  000007d0    00000044                                   : autoinit.c.obj (.text:__TI_auto_init_nobinit_nopinit:__TI_auto_init_nobinit_nopinit)
                  00000814    00000038                                   : boot_cortex_m.c.obj (.text:_c_int00_noargs:_c_int00_noargs)
                  0000084c    00000020     main.obj (.text)
                  0000086c    0000000e     rtsv7M4_T_le_v4SPD16_eabi.lib : copy_decompress_none.c.obj (.text:decompress:none:__TI_decompress_none)
                  0000087a    0000000e     startup_msp432p401r_ccs.obj (.text)
                  00000888    00000004     rtsv7M4_T_le_v4SPD16_eabi.lib : pre_init.c.obj (.text:_system_pre_init)
                  0000088c    00000004                                   : exit.c.obj (.text:abort:abort)

.cinit     0    00000890    00000018     
                  00000890    00000008     (.cinit..data.load) [load image, compression = lzss]
                  00000898    00000008     (__TI_handler_table)
                  000008a0    00000008     (__TI_cinit_table)

.init_array 
*          0    00000000    00000000     UNINITIALIZED

.binit     0    00000000    00000000     

.data      0    20000000    00000004     UNINITIALIZED
                  20000000    00000004     system_msp432p401r.obj (.data)

.stack     0    2000fe00    00000200     UNINITIALIZED
                  2000fe00    00000004     rtsv7M4_T_le_v4SPD16_eabi.lib : boot_cortex_m.c.obj (.stack)
                  2000fe04    000001fc     --HOLE--

MODULE SUMMARY

       Module                        code   ro data   rw data
       ------                        ----   -------   -------
    .\
       system_msp432p401r.obj        820    0         8      
       LCD.obj                       692    0         0      
       startup_msp432p401r_ccs.obj   14     228       0      
       main.obj                      32     0         0      
    +--+-----------------------------+------+---------+---------+
       Total:                        1558   228       8      
                                                             
    C:\ti\ccsv8\tools\compiler\ti-cgt-arm_18.1.6.LTS\lib\rtsv7M4_T_le_v4SPD16_eabi.lib
       memcpy_t2.asm.obj             156    0         0      
       copy_decompress_lzss.c.obj    104    0         0      
       autoinit.c.obj                68     0         0      
       boot_cortex_m.c.obj           56     0         0      
       copy_decompress_none.c.obj    14     0         0      
       exit.c.obj                    4      0         0      
       pre_init.c.obj                4      0         0      
    +--+-----------------------------+------+---------+---------+
       Total:                        406    0         0      
                                                             
       Stack:                        0      0         1024   
       Linker Generated:             0      24        0      
    +--+-----------------------------+------+---------+---------+
       Grand Total:                  1964   252       1032   


LINKER GENERATED COPY TABLES

__TI_cinit_table @ 000008a0 records: 1, size/record: 8, table size: 8
	.data: load addr=00000890, load size=00000008 bytes, run addr=20000000, run size=00000004 bytes, compression=lzss


LINKER GENERATED HANDLER TABLE

__TI_handler_table @ 00000898 records: 2, size/record: 4, table size: 8
	index: 0, handler: __TI_decompress_lzss
	index: 1, handler: __TI_decompress_none


GLOBAL SYMBOLS: SORTED ALPHABETICALLY BY Name 

address   name                          
-------   ----                          
00000887  ADC14_IRQHandler              
00000887  AES256_IRQHandler             
00000887  BusFault_Handler              
0000088d  C$$EXIT                       
00000887  COMP_E0_IRQHandler            
00000887  COMP_E1_IRQHandler            
00000887  CS_IRQHandler                 
00000887  DMA_ERR_IRQHandler            
00000887  DMA_INT0_IRQHandler           
00000887  DMA_INT1_IRQHandler           
00000887  DMA_INT2_IRQHandler           
00000887  DMA_INT3_IRQHandler           
00000887  DebugMon_Handler              
00000887  Default_Handler               
00000887  EUSCIA0_IRQHandler            
00000887  EUSCIA1_IRQHandler            
00000887  EUSCIA2_IRQHandler            
00000887  EUSCIA3_IRQHandler            
00000887  EUSCIB0_IRQHandler            
00000887  EUSCIB1_IRQHandler            
00000887  EUSCIB2_IRQHandler            
00000887  EUSCIB3_IRQHandler            
00000887  FLCTL_IRQHandler              
00000887  FPU_IRQHandler                
00000887  HardFault_Handler             
00000419  LCD_innit                     
00000887  MemManage_Handler             
00000887  NMI_Handler                   
00000887  PCM_IRQHandler                
00000887  PORT1_IRQHandler              
00000887  PORT2_IRQHandler              
00000887  PORT3_IRQHandler              
00000887  PORT4_IRQHandler              
00000887  PORT5_IRQHandler              
00000887  PORT6_IRQHandler              
00000887  PSS_IRQHandler                
00000887  PendSV_Handler                
000005f9  PulseEnablePin                
00000887  RTC_C_IRQHandler              
0000087b  Reset_Handler                 
00000887  SVC_Handler                   
00000887  SysTick_Handler               
20000000  SystemCoreClock               
000000e5  SystemCoreClockUpdate         
0000035d  SystemInit                    
0000062d  Systick_ms_delay              
00000663  Systick_us_delay              
00000887  T32_INT1_IRQHandler           
00000887  T32_INT2_IRQHandler           
00000887  T32_INTC_IRQHandler           
00000887  TA0_0_IRQHandler              
00000887  TA0_N_IRQHandler              
00000887  TA1_0_IRQHandler              
00000887  TA1_N_IRQHandler              
00000887  TA2_0_IRQHandler              
00000887  TA2_N_IRQHandler              
00000887  TA3_0_IRQHandler              
00000887  TA3_N_IRQHandler              
00000887  UsageFault_Handler            
4000480c  WDTCTL_SYM                    
00000887  WDT_A_IRQHandler              
20010000  __STACK_END                   
00000200  __STACK_SIZE                  
000008a0  __TI_CINIT_Base               
000008a8  __TI_CINIT_Limit              
00000898  __TI_Handler_Table_Base       
000008a0  __TI_Handler_Table_Limit      
000007d1  __TI_auto_init_nobinit_nopinit
00000769  __TI_decompress_lzss          
0000086d  __TI_decompress_none          
ffffffff  __TI_pprof_out_hndl           
ffffffff  __TI_prof_data_size           
ffffffff  __TI_prof_data_start          
00000000  __TI_static_base__            
000006cd  __aeabi_memcpy                
000006cd  __aeabi_memcpy4               
000006cd  __aeabi_memcpy8               
ffffffff  __binit__                     
ffffffff  __c_args__                    
UNDEFED   __mpu_init                    
2000fe00  __stack                       
00000815  _c_int00_noargs               
UNDEFED   _system_post_cinit            
00000889  _system_pre_init              
0000088d  abort                         
ffffffff  binit                         
00000697  dataWrite                     
000004c5  innit_pins                    
00000000  interruptVectors              
0000084d  main                          
000006cd  memcpy                        
000004a3  push_byte                     
00000541  push_nibble                   
00000517  space                         
00000489  write_command                 


GLOBAL SYMBOLS: SORTED BY Symbol Address 

address   name                          
-------   ----                          
00000000  __TI_static_base__            
00000000  interruptVectors              
000000e5  SystemCoreClockUpdate         
00000200  __STACK_SIZE                  
0000035d  SystemInit                    
00000419  LCD_innit                     
00000489  write_command                 
000004a3  push_byte                     
000004c5  innit_pins                    
00000517  space                         
00000541  push_nibble                   
000005f9  PulseEnablePin                
0000062d  Systick_ms_delay              
00000663  Systick_us_delay              
00000697  dataWrite                     
000006cd  __aeabi_memcpy                
000006cd  __aeabi_memcpy4               
000006cd  __aeabi_memcpy8               
000006cd  memcpy                        
00000769  __TI_decompress_lzss          
000007d1  __TI_auto_init_nobinit_nopinit
00000815  _c_int00_noargs               
0000084d  main                          
0000086d  __TI_decompress_none          
0000087b  Reset_Handler                 
00000887  ADC14_IRQHandler              
00000887  AES256_IRQHandler             
00000887  BusFault_Handler              
00000887  COMP_E0_IRQHandler            
00000887  COMP_E1_IRQHandler            
00000887  CS_IRQHandler                 
00000887  DMA_ERR_IRQHandler            
00000887  DMA_INT0_IRQHandler           
00000887  DMA_INT1_IRQHandler           
00000887  DMA_INT2_IRQHandler           
00000887  DMA_INT3_IRQHandler           
00000887  DebugMon_Handler              
00000887  Default_Handler               
00000887  EUSCIA0_IRQHandler            
00000887  EUSCIA1_IRQHandler            
00000887  EUSCIA2_IRQHandler            
00000887  EUSCIA3_IRQHandler            
00000887  EUSCIB0_IRQHandler            
00000887  EUSCIB1_IRQHandler            
00000887  EUSCIB2_IRQHandler            
00000887  EUSCIB3_IRQHandler            
00000887  FLCTL_IRQHandler              
00000887  FPU_IRQHandler                
00000887  HardFault_Handler             
00000887  MemManage_Handler             
00000887  NMI_Handler                   
00000887  PCM_IRQHandler                
00000887  PORT1_IRQHandler              
00000887  PORT2_IRQHandler              
00000887  PORT3_IRQHandler              
00000887  PORT4_IRQHandler              
00000887  PORT5_IRQHandler              
00000887  PORT6_IRQHandler              
00000887  PSS_IRQHandler                
00000887  PendSV_Handler                
00000887  RTC_C_IRQHandler              
00000887  SVC_Handler                   
00000887  SysTick_Handler               
00000887  T32_INT1_IRQHandler           
00000887  T32_INT2_IRQHandler           
00000887  T32_INTC_IRQHandler           
00000887  TA0_0_IRQHandler              
00000887  TA0_N_IRQHandler              
00000887  TA1_0_IRQHandler              
00000887  TA1_N_IRQHandler              
00000887  TA2_0_IRQHandler              
00000887  TA2_N_IRQHandler              
00000887  TA3_0_IRQHandler              
00000887  TA3_N_IRQHandler              
00000887  UsageFault_Handler            
00000887  WDT_A_IRQHandler              
00000889  _system_pre_init              
0000088d  C$$EXIT                       
0000088d  abort                         
00000898  __TI_Handler_Table_Base       
000008a0  __TI_CINIT_Base               
000008a0  __TI_Handler_Table_Limit      
000008a8  __TI_CINIT_Limit              
20000000  SystemCoreClock               
2000fe00  __stack                       
20010000  __STACK_END                   
4000480c  WDTCTL_SYM                    
ffffffff  __TI_pprof_out_hndl           
ffffffff  __TI_prof_data_size           
ffffffff  __TI_prof_data_start          
ffffffff  __binit__                     
ffffffff  __c_args__                    
ffffffff  binit                         
UNDEFED   __mpu_init                    
UNDEFED   _system_post_cinit            

[95 symbols]
